[2026-05-01 02:31:21] Avvio launcher. noBrowser=Vero
[2026-05-01 02:31:21] Server gia attivo.
[2026-05-01 02:31:21] Avvio in background senza browser.
[2026-05-01 02:31:40] Avvio launcher. noBrowser=Vero
[2026-05-01 02:31:40] Server gia attivo.
[2026-05-01 02:31:40] Avvio in background senza browser.
[2026-05-01 02:36:54] Avvio launcher. noBrowser=Vero
[2026-05-01 02:36:55] Server gia attivo.
[2026-05-01 02:36:55] Avvio in background senza browser.
[2026-05-01 02:37:49] Avvio launcher. noBrowser=Vero
[2026-05-01 02:37:49] Server gia attivo.
[2026-05-01 02:37:49] Avvio in background senza browser.
[2026-05-01 02:40:06] Avvio launcher. noBrowser=Vero
[2026-05-01 02:40:06] Server gia attivo.
[2026-05-01 02:40:06] Avvio in background senza browser.
[2026-05-01 02:48:09] Avvio launcher. noBrowser=Vero
[2026-05-01 02:48:11] Server non attivo. Avvio con: "C:\OratorioCarloAcutis\runtime\python\pythonw.exe" "C:\OratorioCarloAcutis\app.py"
[2026-05-01 02:48:12] Server pronto dopo attesa.
[2026-05-01 02:48:12] Avvio in background senza browser.
[2026-05-01 02:49:12] Avvio launcher. noBrowser=Vero
[2026-05-01 02:49:12] Server gia attivo.
[2026-05-01 02:49:12] Avvio in background senza browser.
[2026-05-01 02:53:26] Avvio launcher. noBrowser=Vero
[2026-05-01 02:53:28] Server non attivo. Avvio con: "C:\OratorioCarloAcutis\runtime\python\pythonw.exe" "C:\OratorioCarloAcutis\app.py"
[2026-05-01 02:53:29] Server pronto dopo attesa.
[2026-05-01 02:53:29] Avvio in background senza browser.
[2026-05-01 02:56:21] Avvio launcher. noBrowser=Vero
[2026-05-01 02:56:24] Server non attivo. Avvio con: "C:\OratorioCarloAcutis\runtime\python\pythonw.exe" "C:\OratorioCarloAcutis\app.py"
[2026-05-01 02:56:24] Server pronto dopo attesa.
[2026-05-01 02:56:24] Avvio in background senza browser.
[2026-05-01 03:02:46] Avvio launcher. noBrowser=Vero
[2026-05-01 03:02:48] Server non attivo. Avvio con: "C:\OratorioCarloAcutis\runtime\python\pythonw.exe" "C:\OratorioCarloAcutis\app.py"
[2026-05-01 03:02:49] Server pronto dopo attesa.
[2026-05-01 03:02:49] Avvio in background senza browser.
[2026-05-01 03:21:13] Avvio launcher. noBrowser=Vero
[2026-05-01 03:21:15] Server non attivo. Avvio con: "C:\OratorioCarloAcutis\runtime\python\pythonw.exe" "C:\OratorioCarloAcutis\app.py"
[2026-05-01 03:21:16] Server pronto dopo attesa.
[2026-05-01 03:21:16] Avvio in background senza browser.
[2026-05-01 03:35:15] Avvio launcher. noBrowser=Vero
[2026-05-01 03:35:17] Server non attivo. Avvio con: "C:\OratorioCarloAcutis\runtime\python\pythonw.exe" "C:\OratorioCarloAcutis\app.py"
[2026-05-01 03:35:18] Server pronto dopo attesa.
[2026-05-01 03:35:18] Avvio in background senza browser.
[2026-05-01 03:46:57] Avvio launcher. noBrowser=Vero
[2026-05-01 03:46:59] Server non attivo. Avvio con: "C:\OratorioCarloAcutis\runtime\python\pythonw.exe" "C:\OratorioCarloAcutis\app.py"
[2026-05-01 03:46:59] Server pronto dopo attesa.
[2026-05-01 03:46:59] Avvio in background senza browser.
[2026-05-01 03:50:36] Avvio launcher. noBrowser=Vero
[2026-05-01 03:50:38] Server non attivo. Avvio con: "C:\OratorioCarloAcutis\runtime\python\pythonw.exe" "C:\OratorioCarloAcutis\app.py"
[2026-05-01 03:50:39] Server pronto dopo attesa.
[2026-05-01 03:50:39] Avvio in background senza browser.
[2026-05-01 03:55:28] Avvio launcher. noBrowser=Vero
[2026-05-01 03:55:30] Server non attivo. Avvio con: "C:\OratorioCarloAcutis\runtime\python\pythonw.exe" "C:\OratorioCarloAcutis\app.py"
[2026-05-01 03:55:31] Server pronto dopo attesa.
[2026-05-01 03:55:31] Avvio in background senza browser.
[2026-05-01 04:02:11] Avvio launcher. noBrowser=Vero
[2026-05-01 04:02:14] Server non attivo. Avvio con: "C:\OratorioCarloAcutis\runtime\python\pythonw.exe" "C:\OratorioCarloAcutis\app.py"
[2026-05-01 04:02:15] Server pronto dopo attesa.
[2026-05-01 04:02:15] Avvio in background senza browser.
[2026-05-01 04:08:29] Avvio launcher. noBrowser=Vero
[2026-05-01 04:08:31] Server non attivo. Avvio con: "C:\OratorioCarloAcutis\runtime\python\pythonw.exe" "C:\OratorioCarloAcutis\app.py"
[2026-05-01 04:08:32] Server pronto dopo attesa.
[2026-05-01 04:08:32] Avvio in background senza browser.
[2026-05-01 04:13:07] Avvio launcher. noBrowser=Vero
[2026-05-01 04:13:09] Server non attivo. Avvio con: "C:\OratorioCarloAcutis\runtime\python\pythonw.exe" "C:\OratorioCarloAcutis\app.py"
[2026-05-01 04:13:10] Server pronto dopo attesa.
[2026-05-01 04:13:10] Avvio in background senza browser.
[2026-05-01 23:05:35] Avvio launcher. noBrowser=Vero
[2026-05-01 23:05:38] Server non attivo. Avvio con: "C:\OratorioCarloAcutis\runtime\python\pythonw.exe" "C:\OratorioCarloAcutis\app.py"
[2026-05-01 23:05:39] Server pronto dopo attesa.
[2026-05-01 23:05:39] Avvio in background senza browser.
[2026-05-02 02:55:42] Avvio launcher. noBrowser=Vero
[2026-05-02 02:55:43] Server gia attivo.
[2026-05-02 02:55:43] Avvio in background senza browser.
[2026-05-02 02:59:22] Avvio launcher. noBrowser=Vero
[2026-05-02 02:59:22] Server gia attivo.
[2026-05-02 02:59:22] Avvio in background senza browser.
[2026-05-02 02:59:58] Avvio launcher. noBrowser=Falso
[2026-05-02 02:59:58] Server gia attivo.
[2026-05-02 02:59:58] Apro il browser su: http://oratoriocarloacutis.don:8000/login
[2026-05-02 02:59:58] Comando browser eseguito: "C:\Program Files (x86)\Microsoft\Edge\Application\msedge.exe" --new-window "http://oratoriocarloacutis.don:8000/login"
[2026-05-02 03:02:24] Avvio launcher. noBrowser=Falso
[2026-05-02 03:02:25] Server gia attivo.
[2026-05-02 03:02:25] Apro il browser su: http://oratoriocarloacutis.don:8000/login
[2026-05-02 03:02:25] Comando browser eseguito: "C:\Program Files (x86)\Google\Chrome\Application\chrome.exe" --new-window "http://oratoriocarloacutis.don:8000/login"
[2026-05-02 03:02:39] Avvio launcher. noBrowser=Falso
[2026-05-02 03:02:39] Server gia attivo.
[2026-05-02 03:02:39] Apro il browser su: http://oratoriocarloacutis.don:8000/login
[2026-05-02 03:02:39] Comando browser eseguito: "C:\Program Files (x86)\Google\Chrome\Application\chrome.exe" --new-window "http://oratoriocarloacutis.don:8000/login"
[2026-05-02 11:07:29] Avvio launcher. noBrowser=Vero
[2026-05-02 11:07:31] Server non attivo. Avvio con: "C:\OratorioCarloAcutis\runtime\python\pythonw.exe" "C:\OratorioCarloAcutis\app.py"
[2026-05-02 11:07:33] Server pronto dopo attesa.
[2026-05-02 11:07:33] Avvio in background senza browser.
[2026-05-02 18:07:21] Avvio launcher. noBrowser=Falso
[2026-05-02 18:07:23] Server non attivo. Avvio con: "C:\OratorioCarloAcutis\runtime\python\pythonw.exe" "C:\OratorioCarloAcutis\app.py"
[2026-05-02 18:07:25] Server pronto dopo attesa.
[2026-05-02 18:07:25] Apro il browser su: http://oratoriocarloacutis.don:8000/login
[2026-05-02 18:07:25] Comando browser eseguito: "C:\Program Files (x86)\Google\Chrome\Application\chrome.exe" --new-window "http://oratoriocarloacutis.don:8000/login"
[2026-05-02 18:08:14] Avvio launcher. noBrowser=Vero
[2026-05-02 18:08:14] Server gia attivo.
[2026-05-02 18:08:14] Avvio in background senza browser.
[2026-05-03 00:28:24] Avvio launcher. noBrowser=Vero
[2026-05-03 00:28:26] Server non attivo. Avvio con: "C:\OratorioCarloAcutis\runtime\python\pythonw.exe" "C:\OratorioCarloAcutis\app.py"
[2026-05-03 00:28:28] Server pronto dopo attesa.
[2026-05-03 00:28:28] Avvio in background senza browser.
[2026-05-04 09:19:31] Avvio launcher. noBrowser=Vero
[2026-05-04 09:19:33] Server non attivo. Avvio con: "C:\OratorioCarloAcutis\runtime\python\pythonw.exe" "C:\OratorioCarloAcutis\app.py"
[2026-05-04 09:19:34] Server pronto dopo attesa.
[2026-05-04 09:19:35] Avvio in background senza browser.
[2026-05-04 17:27:54] Avvio launcher. noBrowser=Vero
[2026-05-04 17:27:56] Server non attivo. Avvio con: "C:\OratorioCarloAcutis\runtime\python\pythonw.exe" "C:\OratorioCarloAcutis\app.py"
[2026-05-04 17:27:57] Server pronto dopo attesa.
[2026-05-04 17:27:57] Avvio in background senza browser.
[2026-05-04 20:27:11] Avvio launcher. noBrowser=Falso
[2026-05-04 20:27:13] Server non attivo. Avvio con: "C:\OratorioCarloAcutis\runtime\python\pythonw.exe" "C:\OratorioCarloAcutis\app.py"
[2026-05-04 20:27:14] Server pronto dopo attesa.
[2026-05-04 20:27:14] Apro il browser su: http://oratoriocarloacutis.don:8000/login
[2026-05-04 20:27:14] Comando browser eseguito: "C:\Program Files (x86)\Google\Chrome\Application\chrome.exe" --new-window "http://oratoriocarloacutis.don:8000/login"
[2026-05-04 20:29:45] Avvio launcher. noBrowser=Vero
[2026-05-04 20:29:45] Server gia attivo.
[2026-05-04 20:29:45] Avvio in background senza browser.
[2026-05-04 21:19:14] Avvio launcher. noBrowser=Vero
[2026-05-04 21:19:16] Server non attivo. Avvio con: "C:\OratorioCarloAcutis\runtime\python\pythonw.exe" "C:\OratorioCarloAcutis\app.py"
[2026-05-04 21:19:17] Server pronto dopo attesa.
[2026-05-04 21:19:17] Avvio in background senza browser.
[2026-05-05 01:08:38] Avvio launcher. noBrowser=Vero
[2026-05-05 01:08:40] Server non attivo. Avvio con: "C:\OratorioCarloAcutis\runtime\python\pythonw.exe" "C:\OratorioCarloAcutis\app.py"
[2026-05-05 01:08:42] Server pronto dopo attesa.
[2026-05-05 01:08:43] Avvio in background senza browser.
[2026-05-05 09:10:16] Avvio launcher. noBrowser=Vero
[2026-05-05 09:10:18] Server non attivo. Avvio con: "C:\OratorioCarloAcutis\runtime\python\pythonw.exe" "C:\OratorioCarloAcutis\app.py"
[2026-05-05 09:10:19] Server pronto dopo attesa.
[2026-05-05 09:10:19] Avvio in background senza browser.
[2026-05-05 09:12:44] Avvio launcher. noBrowser=Vero
[2026-05-05 09:12:46] Server non attivo. Avvio con: "C:\OratorioCarloAcutis\runtime\python\pythonw.exe" "C:\OratorioCarloAcutis\app.py"
[2026-05-05 09:12:47] Server pronto dopo attesa.
[2026-05-05 09:12:48] Avvio in background senza browser.
[2026-05-05 09:44:44] Avvio launcher. noBrowser=Falso
[2026-05-05 09:44:45] Server gia attivo.
[2026-05-05 09:44:45] Apro il browser su: http://oratoriocarloacutis.don:8000/login
[2026-05-05 09:44:45] Comando browser eseguito: "C:\Program Files (x86)\Google\Chrome\Application\chrome.exe" --new-window "http://oratoriocarloacutis.don:8000/login"
[2026-05-05 12:43:19] Avvio launcher. noBrowser=Falso
[2026-05-05 12:43:19] Server gia attivo.
[2026-05-05 12:43:19] Apro il browser su: http://oratoriocarloacutis.don:8000/login
[2026-05-05 12:43:19] Comando browser eseguito: "C:\Program Files (x86)\Google\Chrome\Application\chrome.exe" --new-window "http://oratoriocarloacutis.don:8000/login"
