[2026-04-29 16:48:26] Porta 8000 occupata senza risposta HTTP. Riavvio del server.
[2026-04-29 16:48:43] Il server non ha risposto entro il tempo previsto.
[2026-04-29 16:51:30] Server gia attivo. Apro il browser.
[2026-04-29 16:53:30] Server pronto. Apro il browser.
[2026-04-29 16:54:50] Server pronto. Apro il browser.
[2026-04-29 16:56:19] Server pronto. Apro il browser.
[2026-04-29 16:57:48] Server gia attivo. Apro il browser.
[2026-04-29 17:04:29] Server pronto. Apro il browser.
[2026-04-29 17:55:07] Server gia attivo. Apro il browser.
[2026-04-29 18:03:28] Server pronto. Apro il browser.
[2026-04-29 20:52:47] Server pronto. Apro il browser.
[2026-04-29 21:29:19] Server pronto. Apro il browser.
[2026-04-29 21:30:35] Server gia attivo. Apro il browser.
[2026-04-29 21:44:56] Server gia attivo. Apro il browser.
[2026-04-29 21:45:29] Server gia attivo. Apro il browser.
[2026-04-29 22:14:32] Server pronto. Apro il browser.
[2026-04-30 00:16:39] Server pronto. Apro il browser.
[2026-04-30 00:38:22] Server pronto. Apro il browser.
[2026-04-30 00:53:10] Server pronto. Apro il browser.
[2026-04-30 01:03:47] Primo avvio non riuscito. Nuovo tentativo.
[2026-04-30 01:04:25] Il server non ha risposto entro il tempo previsto.
[2026-04-30 01:11:40] Server pronto. Apro il browser.
[2026-04-30 01:27:02] Server pronto. Apro il browser.
[2026-04-30 02:04:24] Server pronto. Apro il browser.
[2026-04-30 02:13:20] Server pronto. Apro il browser.
[2026-04-30 02:24:42] Server gia attivo. Apro il browser.
[2026-04-30 02:30:19] Server gia attivo. Apro il browser.
[2026-04-30 02:31:24] Server pronto. Apro il browser.
[2026-04-30 02:41:45] Server gia attivo. Apro il browser.
[2026-04-30 02:42:53] Server pronto. Apro il browser.
[2026-04-30 03:02:22] Server pronto. Apro il browser.
[2026-04-30 03:11:26] Server gia attivo. Apro il browser.
[2026-04-30 03:17:02] Server pronto. Apro il browser.
[2026-04-30 03:42:13] Server pronto. Apro il browser.
[2026-04-30 04:01:28] Server pronto. Apro il browser.
[2026-04-30 04:07:01] Server pronto. Apro il browser.
[2026-04-30 04:10:16] Server pronto. Apro il browser.
[2026-04-30 04:13:01] Server gia attivo. Apro il browser.
[2026-04-30 04:15:27] Porta 8000 occupata senza risposta HTTP. Riavvio del server.
[2026-04-30 04:15:45] Porta 8000 occupata senza risposta HTTP. Riavvio del server.
[2026-04-30 04:16:09] Primo avvio non riuscito. Nuovo tentativo.
[2026-04-30 04:16:26] Primo avvio non riuscito. Nuovo tentativo.
[2026-04-30 04:16:50] Il server non ha risposto entro il tempo previsto.
[2026-04-30 04:17:08] Il server non ha risposto entro il tempo previsto.
[2026-04-30 04:19:10] Server gia attivo. Apro il browser.
[2026-04-30 09:41:11] Server pronto. Apro il browser.
[2026-04-30 09:45:46] Server pronto. Apro il browser.
[2026-04-30 09:56:43] Server pronto. Apro il browser.
[2026-04-30 10:00:16] Server pronto. Apro il browser.
[2026-04-30 10:06:02] Server pronto. Apro il browser.
[2026-04-30 10:11:39] Server pronto. Apro il browser.
[2026-04-30 10:20:32] Server pronto. Apro il browser.
[2026-04-30 10:22:50] Server pronto. Apro il browser.
[2026-04-30 10:31:36] Server pronto. Apro il browser.
[2026-04-30 10:34:54] Server pronto. Apro il browser.
[2026-04-30 10:42:50] Server pronto. Apro il browser.
[2026-04-30 10:43:51] Server gia attivo. Apro il browser.
[2026-04-30 10:45:46] Server pronto. Apro il browser.
[2026-04-30 10:48:10] Server pronto. Apro il browser.
[2026-04-30 10:49:38] Server gia attivo. Apro il browser.
[2026-04-30 11:28:06] Server pronto. Apro il browser.
[2026-04-30 11:47:15] Server gia attivo. Apro il browser.
[2026-04-30 12:46:32] Server pronto. Apro il browser.
[2026-04-30 12:55:40] Server pronto. Apro il browser.
[2026-04-30 13:12:54] Server pronto. Apro il browser.
[2026-04-30 21:01:21] Server gia attivo. Apro il browser.
[2026-04-30 22:09:05] Server pronto. Apro il browser.
